C51 COMPILER V9.00   MAIN                                                                  10/29/2016 15:21:55 PAGE 1   


C51 COMPILER V9.00, COMPILATION OF MODULE MAIN
OBJECT MODULE PLACED IN main.OBJ
COMPILER INVOKED BY: C:\Keil\C51\BIN\C51.EXE main.c BROWSE DEBUG OBJECTEXTEND

line level    source

   1          #include<reg52.h>
   2           char code Table[]={0x3f,0x06,0x5b,0x4f,0x66,0x6d,0x7d,0x07,0x7f,0x6f,0x80,0x0};
   3                                          //0   1    2    3     4   5     6    7    8   9     .   空
   4          sbit WeiMa=P2^7;
   5          sbit DuanMa=P2^6;
   6          
   7          sbit Key1=P3^4;
   8          sbit Key2=P3^5;
   9          sbit Key3=P3^6;
  10          sbit Key4=P3^7;
  11          
  12          int g_h=0,g_m=0,g_s=0;
  13          int g_Tm=0,g_Ts=20,g_Th;
  14          int g_KaiGuan=0;                                                  //功能启动开关
  15          
  16          void Get_Key()                                                                                                  //键盘检测
  17          {
  18   1              
  19   1                 if(Key1==0&&Key2!=0&&Key3!=0&&Key4!=0)
  20   1                      {
  21   2                              if(g_KaiGuan==0)
  22   2                                      g_h++;
  23   2                              else if(g_KaiGuan==1)
  24   2                                      g_Tm++;
  25   2                      }
  26   1      
  27   1              else if(Key1!=0&&Key2==0&&Key3!=0&&Key4!=0)
  28   1                      {
  29   2                              if(g_KaiGuan==0)
  30   2                                      g_h--;
  31   2                              else if(g_KaiGuan==1)
  32   2                                      g_Tm--;
  33   2                      }
  34   1      
  35   1              else if(Key1!=0&&Key2!=0&&Key3==0&&Key4!=0)
  36   1                      {
  37   2                              if(g_KaiGuan==0)
  38   2                                      g_m++;
  39   2                              else if(g_KaiGuan==1)
  40   2                                      g_Ts++;
  41   2                      }
  42   1      
  43   1              else if(Key1!=0&&Key2!=0&&Key3!=0&&Key4==0)
  44   1                      {
  45   2                              if(g_KaiGuan==0)
  46   2                                      g_m--;
  47   2                              else if(g_KaiGuan==1)
  48   2                                      g_Ts--;
  49   2                      }
  50   1      
  51   1              else if(Key1==0&&Key2==0&&Key3!=0&&Key4!=0)
  52   1                      {
  53   2                              if(g_KaiGuan==0)
  54   2                                      g_KaiGuan++;
  55   2                              else if(g_KaiGuan==1)
C51 COMPILER V9.00   MAIN                                                                  10/29/2016 15:21:55 PAGE 2   

  56   2                                      g_KaiGuan++;
  57   2                              else if(g_KaiGuan==2||g_KaiGuan==3)
  58   2                                      g_KaiGuan=0;
  59   2                      }
  60   1              else if(Key1!=0&&Key2!=0&&Key3==0&&Key4==0)
  61   1                      {
  62   2                              if(g_KaiGuan==2)
  63   2                                      g_KaiGuan=3;
  64   2                              else if(g_KaiGuan==3)
  65   2                                      g_KaiGuan=2;
  66   2                      }
  67   1      
  68   1      }
  69          
  70          
  71          
  72          
  73          
  74          void Delay_Time(int Time)                                                                               //延时
  75          {
  76   1              int i,j;
  77   1              for(i=0;i<=Time;i++)
  78   1                      for(j=0;j<=110;j++);
  79   1      }
  80          
  81          
  82          
  83          
  84          
  85          void Display(int h1, int h2,int m1,int m2 ,int s1,int s2)               //公用输出
  86          {
  87   1              WeiMa=1;
  88   1         P0=0xfe;
  89   1         WeiMa=0;
  90   1         DuanMa=1;
  91   1         P0=Table[h1];
  92   1         DuanMa=0;
  93   1         Delay_Time(1);
  94   1      
  95   1         WeiMa=1;
  96   1         P0=0xfd;
  97   1         WeiMa=0;
  98   1         DuanMa=1;
  99   1         P0=Table[h2];
 100   1         DuanMa=0;
 101   1         Delay_Time(1);
 102   1      
 103   1         WeiMa=1;
 104   1         P0=0xfb;
 105   1         WeiMa=0;
 106   1         DuanMa=1;
 107   1         P0=Table[m1];
 108   1         DuanMa=0;
 109   1          Delay_Time(1);
 110   1      
 111   1         WeiMa=1;
 112   1         P0=0xf7;
 113   1         WeiMa=0;
 114   1         DuanMa=1;
 115   1         P0=Table[m2];
 116   1         DuanMa=0;
 117   1         Delay_Time(1);
C51 COMPILER V9.00   MAIN                                                                  10/29/2016 15:21:55 PAGE 3   

 118   1      
 119   1         WeiMa=1;
 120   1         P0=0xef;
 121   1         WeiMa=0;
 122   1         DuanMa=1;
 123   1         P0=Table[s1];
 124   1         DuanMa=0;
 125   1         Delay_Time(1);
 126   1      
 127   1         WeiMa=1;
 128   1         P0=0xdf;
 129   1         WeiMa=0;
 130   1         DuanMa=1;
 131   1         P0=Table[s2];
 132   1         DuanMa=0;
 133   1         Delay_Time(1);
 134   1       
 135   1      
 136   1         if(s2%2==0){
 137   2         WeiMa=1;
 138   2         P0=0xf5;
 139   2         WeiMa=0;
 140   2         DuanMa=1;
 141   2         P0=Table[10];
 142   2         DuanMa=0;
 143   2         Delay_Time(1);  
 144   2         }
 145   1      }
 146          
 147          
 148          
 149          
 150          
 151          void Function_Clock()
 152          {
 153   1              int i;
 154   1                g_s++;
 155   1                 if(g_s>=60)
 156   1                 {
 157   2                              g_s=0;
 158   2                              g_m++;
 159   2                      }
 160   1                      if(g_m==60)
 161   1                      {
 162   2                              g_m=0;
 163   2                              g_h++;
 164   2                      }
 165   1                      if(g_h==24)
 166   1                      {
 167   2                              g_h=0;
 168   2                      }
 169   1                      if(g_s==-1)
 170   1                      {
 171   2                              g_s=59;
 172   2                              g_m--;
 173   2                      }
 174   1                      if(g_m==-1)
 175   1                      {
 176   2                              g_m=59;
 177   2                              g_h--;
 178   2                      }
 179   1                      if(g_h==-1)
C51 COMPILER V9.00   MAIN                                                                  10/29/2016 15:21:55 PAGE 4   

 180   1                      {
 181   2                              g_h=23;
 182   2                      }
 183   1                      if(g_KaiGuan==0||(g_KaiGuan==3))
 184   1                       for(i=0;i<=75;i++)
 185   1                              Display(g_h/10,g_h%10,g_m/10,g_m%10,g_s/10,g_s%10);
 186   1      }
 187          
 188          
 189          
 190          void Function_Timer()
 191          {                 
 192   1              int i;
 193   1              if(g_KaiGuan==0);
 194   1              else if(g_KaiGuan==1)
 195   1              {
 196   2                      if(g_Ts==60)
 197   2                      {
 198   3                              g_Ts=0;
 199   3                              g_Tm++;
 200   3                      }
 201   2                      if(g_Tm==60)
 202   2                      {
 203   3                              g_Tm=0;
 204   3                              g_Th++;
 205   3                      }
 206   2                      if(g_Th>99)
 207   2                      {
 208   3                              g_Th=99;
 209   3                      }
 210   2                      for(i=0;i<=75;i++)
 211   2                              Display(g_Th/10,g_Th%10,g_Tm/10,g_Tm%10,g_Ts/10,g_Ts%10);       
 212   2              }
 213   1              else if(g_KaiGuan==2)
 214   1              {
 215   2      
 216   2                      g_Ts--;
 217   2                      if(g_Ts==-1)
 218   2                      {
 219   3                              g_Ts=59;
 220   3                              g_Tm--;
 221   3                      }
 222   2                      if(g_Tm==-1)
 223   2                      {
 224   3                              g_Tm=59;
 225   3                              g_Th--;
 226   3                      }
 227   2                      for(i=0;i<=75;i++)
 228   2                      Display(g_Th/10,g_Th%10,g_Tm/10,g_Tm%10,g_Ts/10,g_Ts%10);
 229   2                      if(g_Tm==0&&g_Ts==0&&g_Th==0)
 230   2                      {
 231   3                              for(i=0;i<=75;i++)
 232   3                                      Display(8,8,8,8,8,8);
 233   3                              g_Ts++;
 234   3                      }
 235   2              }
 236   1              else if(g_KaiGuan==3)
 237   1              {
 238   2                      g_Ts--;
 239   2                      if(g_Ts==-1)
 240   2                      {
 241   3                              g_Ts=59;
C51 COMPILER V9.00   MAIN                                                                  10/29/2016 15:21:55 PAGE 5   

 242   3                              g_Tm--;
 243   3                      }
 244   2                      if(g_Tm==-1)
 245   2                      {
 246   3                              g_Tm=59;
 247   3                              g_Th--;
 248   3                      }
 249   2                      if(g_Tm==0&&g_Ts==0&&g_Th==0)
 250   2                      {
 251   3                              for(i=0;i<=75;i++)
 252   3                              {
 253   4                                      Display(8,8,8,8,8,8);
 254   4                              }
 255   3                              g_s++;
 256   3                              g_Ts++;
 257   3                      }
 258   2              }       
 259   1      }
 260          
 261          
 262          
 263          
 264          
 265          void main()
 266          {
 267   1              while(1)
 268   1              {
 269   2                      Get_Key();
 270   2                      Function_Clock();
 271   2                      Function_Timer();
 272   2              }
 273   1              
 274   1       }
 275          
 276          
 277          
 278          
 279          


MODULE INFORMATION:   STATIC OVERLAYABLE
   CODE SIZE        =   1423    ----
   CONSTANT SIZE    =     12    ----
   XDATA SIZE       =   ----    ----
   PDATA SIZE       =   ----    ----
   DATA SIZE        =     14      16
   IDATA SIZE       =   ----    ----
   BIT SIZE         =   ----    ----
END OF MODULE INFORMATION.


C51 COMPILATION COMPLETE.  0 WARNING(S),  0 ERROR(S)
